===================Menu===================
1. Enter b to list all buildings.
2. Enter r to get path between two buildings.
3. Enter q to exit.
4. Enter p to get menu.
